// Jest Snapshot v1, https://goo.gl/fbAQLP

exports[`LoginPage snapshot 1`] = `
<div>
  <div>
    <h1>
      Log In
    </h1>
    <form>
      <input
        name="email"
        placeholder="email"
        value=""
      />
      <input
        name="password"
        placeholder="password"
        type="password"
        value=""
      />
      <span>
        Remember
      </span>
      <input
        name="remember"
        type="checkbox"
      />
      <button
        disabled=""
      >
        Login
      </button>
    </form>
  </div>
</div>
`;
